Regret Convergence Experiment
K^N = 4^3 = 64 path combinations per step
T = 100 steps/epoch, seeds = 20
P values: [5, 10, 20, 30, 40, 50]
QAMABConfig: alpha=0.15, ucb_c=3.0, epoch_decay=1.0
============================================================

─── P = 5 epochs ───────────────────────────────────────────
  seed 01/20  qa=11.1402  opt=9.3514  regret=1.7888  [20.3s]
  seed 02/20  qa=6.9272  opt=6.7173  regret=0.2099  [40.5s]
  seed 03/20  qa=13.4890  opt=12.4179  regret=1.0711  [60.6s]
  seed 04/20  qa=11.0172  opt=9.8152  regret=1.2019  [80.6s]
  seed 05/20  qa=6.0545  opt=4.7444  regret=1.3101  [100.5s]
  seed 06/20  qa=9.6730  opt=9.5485  regret=0.1245  [120.7s]
  seed 07/20  qa=15.1491  opt=12.4305  regret=2.7186  [140.8s]
  seed 08/20  qa=12.3849  opt=11.6802  regret=0.7047  [160.9s]
  seed 09/20  qa=10.3298  opt=10.0749  regret=0.2549  [181.3s]
  seed 10/20  qa=12.7790  opt=11.5278  regret=1.2512  [201.5s]
  seed 11/20  qa=18.5114  opt=18.3338  regret=0.1776  [221.8s]
  seed 12/20  qa=19.5993  opt=16.7311  regret=2.8682  [242.1s]
  seed 13/20  qa=21.9989  opt=19.2654  regret=2.7336  [262.3s]
  seed 14/20  qa=11.5555  opt=10.1993  regret=1.3562  [282.4s]
  seed 15/20  qa=14.2580  opt=14.0911  regret=0.1669  [302.8s]
  seed 16/20  qa=11.0717  opt=10.3323  regret=0.7394  [323.0s]
  seed 17/20  qa=7.6093  opt=7.3551  regret=0.2542  [343.3s]
  seed 18/20  qa=8.1674  opt=7.9662  regret=0.2012  [363.7s]
  seed 19/20  qa=8.2979  opt=6.7308  regret=1.5671  [383.9s]
  seed 20/20  qa=17.2832  opt=16.3252  regret=0.9579  [404.2s]
  → regret = 1.0829 ± 0.8734  [P=5, 404.2s total]

─── P = 10 epochs ───────────────────────────────────────────
  seed 01/20  qa=9.1974  opt=8.2087  regret=0.9887  [40.2s]
  seed 02/20  qa=11.7379  opt=10.5830  regret=1.1549  [80.7s]
  seed 03/20  qa=11.5767  opt=9.9482  regret=1.6285  [121.2s]
  seed 04/20  qa=16.4883  opt=15.1897  regret=1.2987  [161.5s]
  seed 05/20  qa=11.1005  opt=9.6894  regret=1.4111  [201.5s]
  seed 06/20  qa=12.7740  opt=11.1609  regret=1.6131  [242.1s]
  seed 07/20  qa=19.5396  opt=18.0555  regret=1.4841  [282.7s]
  seed 08/20  qa=15.5239  opt=14.1880  regret=1.3359  [322.9s]
  seed 09/20  qa=13.4394  opt=13.1612  regret=0.2782  [363.3s]
  seed 10/20  qa=10.6152  opt=9.3938  regret=1.2214  [403.6s]
  seed 11/20  qa=18.1143  opt=16.6018  regret=1.5125  [444.2s]
  seed 12/20  qa=16.6593  opt=15.1204  regret=1.5389  [484.6s]
  seed 13/20  qa=17.3172  opt=15.5159  regret=1.8013  [524.9s]
  seed 14/20  qa=10.8122  opt=9.9583  regret=0.8539  [565.4s]
  seed 15/20  qa=14.1359  opt=13.9650  regret=0.1709  [605.9s]
  seed 16/20  qa=10.5921  opt=9.0120  regret=1.5802  [646.0s]
  seed 17/20  qa=6.3910  opt=6.1995  regret=0.1915  [686.2s]
  seed 18/20  qa=10.1215  opt=9.8553  regret=0.2663  [726.5s]
  seed 19/20  qa=14.2709  opt=12.7047  regret=1.5662  [766.9s]
  seed 20/20  qa=13.4917  opt=12.9626  regret=0.5291  [807.6s]
  → regret = 1.1213 ± 0.5316  [P=10, 807.6s total]

─── P = 20 epochs ───────────────────────────────────────────
  seed 01/20  qa=13.0888  opt=11.3780  regret=1.7108  [80.1s]
  seed 02/20  qa=11.5902  opt=10.8059  regret=0.7843  [160.6s]
  seed 03/20  qa=15.5234  opt=14.5564  regret=0.9670  [241.1s]
  seed 04/20  qa=13.5498  opt=12.2011  regret=1.3487  [321.5s]
  seed 05/20  qa=9.6819  opt=8.4420  regret=1.2400  [401.4s]
  seed 06/20  qa=14.9493  opt=12.7394  regret=2.2099  [481.5s]
  seed 07/20  qa=18.1254  opt=17.2788  regret=0.8466  [562.4s]
  seed 08/20  qa=15.5484  opt=13.3102  regret=2.2382  [642.6s]
  seed 09/20  qa=11.2130  opt=10.6736  regret=0.5394  [723.1s]
  seed 10/20  qa=10.2288  opt=9.0269  regret=1.2019  [803.7s]
  seed 11/20  qa=15.7250  opt=14.6271  regret=1.0978  [884.0s]
  seed 12/20  qa=12.7258  opt=11.6891  regret=1.0367  [964.2s]
  seed 13/20  qa=14.8765  opt=13.3243  regret=1.5522  [1044.5s]
  seed 14/20  qa=9.6127  opt=8.6521  regret=0.9606  [1125.0s]
  seed 15/20  qa=11.7991  opt=11.5221  regret=0.2771  [1205.4s]
  seed 16/20  qa=11.2301  opt=10.3672  regret=0.8629  [1285.5s]
  seed 17/20  qa=7.2153  opt=6.5272  regret=0.6881  [1365.7s]
  seed 18/20  qa=11.0945  opt=10.2146  regret=0.8799  [1446.1s]
  seed 19/20  qa=15.5886  opt=14.0550  regret=1.5335  [1526.4s]
  seed 20/20  qa=13.9981  opt=13.2155  regret=0.7826  [1607.2s]
  → regret = 1.1379 ± 0.4964  [P=20, 1607.2s total]

─── P = 30 epochs ───────────────────────────────────────────
  seed 01/20  qa=14.5454  opt=12.6607  regret=1.8848  [119.8s]
  seed 02/20  qa=13.0631  opt=12.2402  regret=0.8229  [237.7s]
  seed 03/20  qa=15.1710  opt=14.4555  regret=0.7155  [353.4s]
  seed 04/20  qa=13.6525  opt=12.2540  regret=1.3985  [468.6s]
  seed 05/20  qa=10.5491  opt=9.4396  regret=1.1095  [588.2s]
  seed 06/20  qa=13.4307  opt=11.5548  regret=1.8759  [708.1s]
  seed 07/20  qa=16.3902  opt=15.3865  regret=1.0038  [829.1s]
  seed 08/20  qa=15.4439  opt=13.2391  regret=2.2049  [949.3s]
  seed 09/20  qa=11.4303  opt=10.7810  regret=0.6493  [1070.4s]
  seed 10/20  qa=12.3893  opt=10.7989  regret=1.5904  [1191.1s]
  seed 11/20  qa=15.2355  opt=14.2117  regret=1.0237  [1311.7s]
  seed 12/20  qa=12.5308  opt=11.3813  regret=1.1495  [1432.6s]
  seed 13/20  qa=13.7888  opt=12.2466  regret=1.5422  [1552.9s]
  seed 14/20  qa=9.2663  opt=8.4760  regret=0.7904  [1673.4s]
  seed 15/20  qa=13.5287  opt=13.1667  regret=0.3620  [1793.8s]
  seed 16/20  qa=11.5668  opt=10.1119  regret=1.4549  [1913.8s]
  seed 17/20  qa=8.6282  opt=8.1268  regret=0.5015  [2034.3s]
  seed 18/20  qa=12.0906  opt=11.0582  regret=1.0325  [2154.5s]
  seed 19/20  qa=15.1175  opt=13.2604  regret=1.8571  [2274.8s]
  seed 20/20  qa=16.6672  opt=14.9759  regret=1.6912  [2395.5s]
  → regret = 1.2330 ± 0.5053  [P=30, 2395.5s total]

─── P = 40 epochs ───────────────────────────────────────────
  seed 01/20  qa=14.5819  opt=12.5730  regret=2.0088  [160.2s]
  seed 02/20  qa=14.5728  opt=13.5003  regret=1.0724  [320.9s]
  seed 03/20  qa=13.9828  opt=13.1413  regret=0.8416  [481.9s]
  seed 04/20  qa=12.8677  opt=11.5597  regret=1.3080  [642.7s]
  seed 05/20  qa=9.6116  opt=8.4491  regret=1.1624  [802.7s]
  seed 06/20  qa=13.2271  opt=11.5821  regret=1.6450  [963.1s]
  seed 07/20  qa=15.7998  opt=14.7047  regret=1.0951  [1124.0s]
  seed 08/20  qa=15.7706  opt=13.5611  regret=2.2095  [1284.2s]
  seed 09/20  qa=12.6352  opt=11.9678  regret=0.6674  [1445.2s]
  seed 10/20  qa=12.2926  opt=10.4908  regret=1.8018  [1605.8s]
  seed 11/20  qa=13.9463  opt=13.1575  regret=0.7888  [1767.3s]
  seed 12/20  qa=11.8353  opt=10.6285  regret=1.2068  [1930.5s]
  seed 13/20  qa=14.3933  opt=12.8109  regret=1.5824  [2093.5s]
  seed 14/20  qa=10.5569  opt=9.1442  regret=1.4127  [2257.7s]
  seed 15/20  qa=13.7426  opt=13.3487  regret=0.3939  [2420.2s]
  seed 16/20  qa=12.4530  opt=11.0467  regret=1.4062  [2581.7s]
  seed 17/20  qa=8.6371  opt=7.9520  regret=0.6851  [2742.7s]
  seed 18/20  qa=12.6154  opt=11.2525  regret=1.3629  [2902.9s]
  seed 19/20  qa=16.1326  opt=13.8450  regret=2.2875  [3062.8s]
  seed 20/20  qa=14.3912  opt=13.0745  regret=1.3167  [3223.7s]
  → regret = 1.3127 ± 0.4986  [P=40, 3223.7s total]

─── P = 50 epochs ───────────────────────────────────────────
  seed 01/20  qa=14.3463  opt=12.2678  regret=2.0785  [199.8s]
  seed 02/20  qa=15.1845  opt=13.9041  regret=1.2803  [399.9s]
  seed 03/20  qa=14.3614  opt=13.5494  regret=0.8120  [600.0s]
  seed 04/20  qa=12.8895  opt=11.6227  regret=1.2667  [799.8s]
  seed 05/20  qa=10.6216  opt=9.1657  regret=1.4558  [998.8s]
  seed 06/20  qa=13.1362  opt=11.6997  regret=1.4366  [1198.2s]
  seed 07/20  qa=16.5627  opt=15.3386  regret=1.2241  [1398.5s]
  seed 08/20  qa=14.8010  opt=12.6396  regret=2.1614  [1598.0s]
  seed 09/20  qa=13.5125  opt=12.7752  regret=0.7373  [1798.5s]
  seed 10/20  qa=12.2936  opt=10.5524  regret=1.7412  [1998.5s]
  seed 11/20  qa=14.1083  opt=13.1218  regret=0.9865  [2198.3s]
  seed 12/20  qa=10.7623  opt=9.7088  regret=1.0535  [2398.6s]
  seed 13/20  qa=13.6898  opt=12.3646  regret=1.3252  [2598.5s]
  seed 14/20  qa=11.4777  opt=9.7393  regret=1.7384  [2798.3s]
  seed 15/20  qa=13.8966  opt=13.0705  regret=0.8261  [2998.1s]
  seed 16/20  qa=12.7307  opt=11.3620  regret=1.3687  [3197.5s]
  seed 17/20  qa=8.7656  opt=7.8657  regret=0.9000  [3397.0s]
  seed 18/20  qa=13.2950  opt=11.7797  regret=1.5153  [3596.6s]
  seed 19/20  qa=14.0395  opt=11.9765  regret=2.0630  [3796.3s]
  seed 20/20  qa=13.6776  opt=12.4027  regret=1.2750  [3997.0s]
  → regret = 1.3623 ± 0.4148  [P=50, 3997.0s total]

✓ Results saved to /Users/jon_claw/qa-mab-research/simulations/results/uav_dynamic/regret_convergence_results.pkl

============================================================
REGRET CONVERGENCE SUMMARY
============================================================
     P   regret_mean  regret_std     qa_loss    opt_loss
------------------------------------------------------------
     5        1.0829      0.8734     12.3648     11.2819
    10        1.1213      0.5316     13.1950     12.0737
    20        1.1379      0.4964     12.8682     11.7303
    30        1.2330      0.5053     13.2243     11.9913
    40        1.3127      0.4986     13.2023     11.8895
    50        1.3623      0.4148     13.2076     11.8453
✓ Plot saved to /Users/jon_claw/qa-mab-research/simulations/results/uav_dynamic/regret_convergence_plot.png
✓ Analysis written to /Users/jon_claw/qa-mab-research/simulations/results/uav_dynamic/regret_analysis.md
